[acc] run1: ground-truth sequence (recorded, zero-touch)
[acc] C: FAIL
[acc]    R1 FOUND: http_server_request OPTIONS /restful-tasks -> http_server_response 200
[acc]    R2 FOUND: http_server_request GET /restful-tasks -> http_server_response 200 | functions index.getAllTasks@28([object Object]) | http_client GET http://127.0.0.1:54321/rest/v1/tasks?select=* 200
[acc]    R3 FOUND: http_server_request GET /restful-tasks/1 -> http_server_response 200 | functions index.getTask@18(1) | http_client GET http://127.0.0.1:54321/rest/v1/tasks?select=*&id=eq.1 200
[acc]    R4 FOUND: http_server_request POST /restful-tasks -> http_server_response 200 | functions index.createTask@58({"name":"acc-new","status":0}) | http_client POST http://127.0.0.1:54321/rest/v1/tasks 201
[acc]    R5 FOUND: http_server_request PUT /restful-tasks/1 -> http_server_response 200 | functions index.updateTask@48(1,{"name":"renamed","status":1}) | http_client PATCH http://127.0.0.1:54321/rest/v1/tasks?id=eq.1 204
[acc]    R6 FOUND: http_server_request DELETE /restful-tasks/2 -> http_server_response 200 | functions index.deleteTask@38(2) | http_client DELETE http://127.0.0.1:54321/rest/v1/tasks?id=eq.2 204
[acc]    R7 WRONG: thrown value's message "invalid input syntax for type bigint" not in recorded exception [{"class":"object","message":"[object Object]"}] (the app threw {code:'22P02', message:'invalid input syntax for type bigint: "not-a-number"', ...})
[acc]    R8 FOUND: http_server_request POST /restful-tasks -> http_server_response 400
[acc]    anonymous Deno.serve handler (index.ts:68): absent from every recording (no name to record it under; gap, per EXPECTATIONS)
[acc] C-traceparent-gate: PASS
[acc]    T1 unstamped: HTTP 200, 0 files, outbound traceparent [null]
[acc]    T2 malformed: 00-AAAAAAAAA…→0 files, ff-aaaaaaaaa…→0 files, 00-aaaa-1111…→0 files, 00-aaaaaaaaa…→0 files
[acc]    T3/T4 stamped: 8/8 maps carry caller trace_id+parent_span_id; outbound calls stamped with same trace id, new span
[acc] C-structure: FAIL
[acc]    R2: official sequence diagram has 3 disconnected roots ["GET /restful-tasks","GET http://127.0.0.1:54321/rest/v1/tasks?select=*","getAllTasks"] (handler work not nested under the HTTP request)
[acc]    R3: official sequence diagram has 3 disconnected roots ["GET /restful-tasks/1","GET http://127.0.0.1:54321/rest/v1/tasks?select=*&id=eq.1","getTask"] (handler work not nested under the HTTP request)
[acc]    R4: official sequence diagram has 3 disconnected roots ["POST /restful-tasks","POST http://127.0.0.1:54321/rest/v1/tasks","createTask"] (handler work not nested under the HTTP request)
[acc]    R5: official sequence diagram has 3 disconnected roots ["PUT /restful-tasks/1","PATCH http://127.0.0.1:54321/rest/v1/tasks?id=eq.1","updateTask"] (handler work not nested under the HTTP request)
[acc]    R6: official sequence diagram has 3 disconnected roots ["DELETE /restful-tasks/2","DELETE http://127.0.0.1:54321/rest/v1/tasks?id=eq.2","deleteTask"] (handler work not nested under the HTTP request)
[acc]    R7: official sequence diagram has 3 disconnected roots ["GET /restful-tasks/not-a-number","GET http://127.0.0.1:54321/rest/v1/tasks?select=*&id=eq.not-a-number","getTask"] (handler work not nested under the HTTP request)
[acc] D: PASS
[acc]    call events by package over run1: {"http_server_request":8,"function examples/edge-functions/supabase/functions/restful-tasks":6,"http_client_request 127.0.0.1:54321":6}
[acc] E: FAIL
[acc]    thrown value's message "invalid input syntax for type bigint" not in recorded exception [{"class":"object","message":"[object Object]"}] (the app threw {code:'22P02', message:'invalid input syntax for type bigint: "not-a-number"', ...})
[acc] run2: same sequence again
[acc] G: PASS
[acc]    8/8 requests: normalized official sequence-diagram JSON identical between run1 and run2 (elapsed/eventIds removed); event order/thread shape identical
[acc] run3: H change applied on a scratch branch
[acc] H: PASS
[acc]    official diff R6: "changed HTTP client request `DELETE http://127.0.0.1:54321/rest/v1/tasks?id=eq.2` to HTTP client request `GET http://127.0.0.1:54321/rest/v1/tasks?select=*&id=eq.2` and changed to return 200 instead of 204\nadded HTTP client request `DELETE http://127.0.0.1:54321/rest/v1/tasks?id=eq.2`"
[acc]    appmap-trace DELETE caption: "Behavior changed — 1 added, 3 changed. New call frontend→network: GET /rest/v1/tasks?select=*&id=eq.2."; other 5 interactions: "No behavior change"
[acc]    appmap-trace stdout: traced 6 interaction(s) (diffed against /tmp/acc-deno-work/rec/run1) → /home/user/acc-deno/acceptance/supabase-restful-tasks/evidence/H-appmap-trace
[acc] I: concurrent requests
[acc] I: FAIL
[acc]    round 1 (one burst): 20 stamped + 10 unstamped, all HTTP 200=true -> 1 recording(s) (reqs [0]), 4 leak finding(s), 29 outbound call(s) carried another request's trace id
[acc]    round 2 (one burst): 20 stamped + 10 unstamped, all HTTP 200=true -> 1 recording(s) (reqs [0]), 4 leak finding(s), 29 outbound call(s) carried another request's trace id
[acc]    round 3 (staggered 25ms): 20 stamped + 10 unstamped, all HTTP 200=true -> 20 recording(s) (reqs [6,10,14,18,2,8,12,16,0,4,3,7,11,15,19,9,13,17,1,5]), 4 leak finding(s), 1 outbound call(s) carried another request's trace id
[acc]    round 1: req#0 GET /restful-tasks/4: 29 foreign function call(s): ["index.updateTask(5,{\"name\":\"c-upd-1\",\"status\":1})","index.deleteTask(6)","index.createTask({\"name\":\"c-new-3\",\"status\":3})","index.getTask(8)"]…
[acc]    round 1: req#0 GET /restful-tasks/4: 29 foreign outbound call(s): ["PATCH /rest/v1/tasks?id=eq.5","DELETE /rest/v1/tasks?id=eq.6","POST /rest/v1/tasks","GET /rest/v1/tasks?select=*&id=eq.8"]…
[acc]    round 1: req#0 GET /restful-tasks/4: gateway saw 29 OTHER request(s)' outbound calls stamped with this recording's trace id: ["PATCH /rest/v1/tasks?id=eq.5","DELETE /rest/v1/tasks?id=eq.6","POST /rest/v1/tasks"]
[acc]    round 1: req#0 GET /restful-tasks/4: metadata.truncated=true, 58 synthetic return(s): other requests' calls were still open when this recording closed
[acc]    round 2: req#0 GET /restful-tasks/4: 29 foreign function call(s): ["index.updateTask(5,{\"name\":\"c-upd-1\",\"status\":1})","index.deleteTask(6)","index.createTask({\"name\":\"c-new-3\",\"status\":3})","index.getTask(8)"]…
[acc]    round 2: req#0 GET /restful-tasks/4: 29 foreign outbound call(s): ["PATCH /rest/v1/tasks?id=eq.5","DELETE /rest/v1/tasks?id=eq.6","POST /rest/v1/tasks","GET /rest/v1/tasks?select=*&id=eq.8"]…
[acc]    round 2: req#0 GET /restful-tasks/4: gateway saw 29 OTHER request(s)' outbound calls stamped with this recording's trace id: ["POST /rest/v1/tasks","PATCH /rest/v1/tasks?id=eq.13","DELETE /rest/v1/tasks?id=eq.6"]
[acc]    round 2: req#0 GET /restful-tasks/4: metadata.truncated=true, 58 synthetic return(s): other requests' calls were still open when this recording closed
[acc]    round 3: req#0 GET /restful-tasks/4: 1 foreign function call(s): ["index.getTask(24)"]
[acc]    round 3: req#0 GET /restful-tasks/4: 1 foreign outbound call(s): ["GET /rest/v1/tasks?select=*&id=eq.24"]
[acc]    round 3: req#0 GET /restful-tasks/4: gateway saw 1 OTHER request(s)' outbound calls stamped with this recording's trace id: ["GET /rest/v1/tasks?select=*&id=eq.24"]
[acc]    round 3: req#0 GET /restful-tasks/4: metadata.truncated=true, 2 synthetic return(s): other requests' calls were still open when this recording closed
[acc] W: waitUntil probe
[acc] W1-waitUntil-capture: PASS
[acc]    202 in 12ms; file written 3053ms after the response; clients ["POST /rest/v1/tasks 201","GET /enrich?n=1 200","PATCH /rest/v1/tasks?name=eq.probe-1 204"]; fns ["probe.ingest","probe.sleep","probe.sleep"]; not truncated
[acc] W4-waitUntil-overlap: FAIL
[acc]    A's recording contains B's background calls: ["/enrich?n=3"]
[acc]    A's recording has ingest calls ["probe.ingest(2)","probe.sleep(1500)","probe.ingest(3)","probe.sleep(1500)","probe.sleep(1500)","probe.sleep(1500)"]
[acc] W2-self-heal-fire-and-forget: PASS
[acc]    truncated=true; functions ["probe.ingest(synthetic return)"]; clients ["POST /rest/v1/tasks synthetic"]; unbalanced=0
[acc] W3-crash-self-heal: FAIL
[acc]    SIGKILL deno child 1.5s into background: 0 recording file(s) []; truncated []; leftover transformed copy []
[acc]    SIGTERM runner 1.5s into background: 0 recording file(s) []; truncated []; leftover transformed copy []
[acc]    SIGINT runner 1.5s into background: 0 recording file(s) []; truncated []; leftover transformed copy []
[acc] J: overhead
[acc] J: PASS
[acc]    200 sequential requests, best of 2: plain deno run 999ms; appmap-deno unstamped 1030ms (1.03x); appmap-deno all stamped 1058ms (1.06x), 200 maps written
[acc]    no threshold is defined by the spec; reported as measured
[acc] B: validating every recording
[acc] B: FAIL
[acc]    official appmap-validate: 0/49 valid; messages {"Invalid appmap: / #/definitions/metadata/properties/language/required >> /metadata/language must have required property 'version'":49}
[acc]    smallest set of missing items that would make each map valid 1.12.0 (count of maps): {"metadata.language.version + message[] on http_server_request/http_client_request calls":43,"metadata.language.version + message[] on http_server_request/http_client_request calls + exceptions[].object_id":3,"metadata.language.version + message[] on http_server_request/http_client_request calls + parameter/return value <= 100 chars":3}
[acc]    oldest schema version each map could satisfy even after those additions (count of maps): {"1.6.0":43,"1.2.0":6}
[acc]    highest schema version fully satisfied (per map): {"none":49}
[acc]    appmap sequence-diagram over all 49 maps: exit 0
[acc] A: PASS
[acc]    app 74a3be9aa8706755e05f7326f3d25472729cd977; command (cwd /tmp/acc-deno-work/supabase): node --no-warnings --experimental-strip-types /home/user/acc-deno/deno/bin/appmap-deno.ts --app restful-tasks examples/edge-functions/supabase/functions/restful-tasks/index.ts -- --lock=/home/user/acc-deno/acceptance/supabase-restful-tasks/deno.lock
[acc]    env only: SUPABASE_URL, SUPABASE_ANON_KEY (local), APPMAP_DIR, DENO_SERVE_ADDRESS (port); no app source edits; git status clean after all runs
[acc] F: NOT RUN
[acc]    the app has no tests; the Deno recorder has no test-recording mode (appmap-deno only wraps `deno run`)
[acc] FAILED: C, C-structure, E, I, W4-waitUntil-overlap, W3-crash-self-heal, B
